13:22:16 **** Build of configuration Debug for project LED_Blinker ****
make -j8 all 
arm-none-eabi-gcc -mcpu=cortex-m4 -g3 -DDEBUG -c -x assembler-with-cpp -MMD -MP -MF"Startup/startup_stm32f407vgtx.d" -MT"Startup/startup_stm32f407vgtx.o" --specs=nano.specs -mfpu=fpv4-sp-d16 -mfloat-abi=hard -mthumb -o "Startup/startup_stm32f407vgtx.o" "../Startup/startup_stm32f407vgtx.s"
arm-none-eabi-gcc "../RTOS/Src/osKernel.c" -mcpu=cortex-m4 -std=gnu11 -g3 -DDEBUG -DSTM32 -DSTM32F4 -DSTM32F407VGTx -c -I../Inc -I"C:/Users/henta/Desktop/embedded/RTOS from scratch/GCC_stm32F1_cudeIde/MyRTOS/examples/LED_Blinker/App/Inc" -I"C:/Users/henta/Desktop/embedded/RTOS from scratch/GCC_stm32F1_cudeIde/MyRTOS/examples/LED_Blinker/BSP/STM32F4/Inc" -I"C:/Users/henta/Desktop/embedded/RTOS from scratch/GCC_stm32F1_cudeIde/MyRTOS/examples/LED_Blinker/chip_headers_F4/Device/ST/STM32F4xx/Include" -I"C:/Users/henta/Desktop/embedded/RTOS from scratch/GCC_stm32F1_cudeIde/MyRTOS/examples/LED_Blinker/RTOS/Inc" -I"C:/Users/henta/Desktop/embedded/RTOS from scratch/GCC_stm32F1_cudeIde/MyRTOS/examples/LED_Blinker/chip_headers_F4/Include" -O0 -ffunction-sections -fdata-sections -Wall -fstack-usage -MMD -MP -MF"RTOS/Src/osKernel.d" -MT"RTOS/Src/osKernel.o" --specs=nano.specs -mfpu=fpv4-sp-d16 -mfloat-abi=hard -mthumb -o "RTOS/Src/osKernel.o"
arm-none-eabi-gcc "../RTOS/Src/semaphore.c" -mcpu=cortex-m4 -std=gnu11 -g3 -DDEBUG -DSTM32 -DSTM32F4 -DSTM32F407VGTx -c -I../Inc -I"C:/Users/henta/Desktop/embedded/RTOS from scratch/GCC_stm32F1_cudeIde/MyRTOS/examples/LED_Blinker/App/Inc" -I"C:/Users/henta/Desktop/embedded/RTOS from scratch/GCC_stm32F1_cudeIde/MyRTOS/examples/LED_Blinker/BSP/STM32F4/Inc" -I"C:/Users/henta/Desktop/embedded/RTOS from scratch/GCC_stm32F1_cudeIde/MyRTOS/examples/LED_Blinker/chip_headers_F4/Device/ST/STM32F4xx/Include" -I"C:/Users/henta/Desktop/embedded/RTOS from scratch/GCC_stm32F1_cudeIde/MyRTOS/examples/LED_Blinker/RTOS/Inc" -I"C:/Users/henta/Desktop/embedded/RTOS from scratch/GCC_stm32F1_cudeIde/MyRTOS/examples/LED_Blinker/chip_headers_F4/Include" -O0 -ffunction-sections -fdata-sections -Wall -fstack-usage -MMD -MP -MF"RTOS/Src/semaphore.d" -MT"RTOS/Src/semaphore.o" --specs=nano.specs -mfpu=fpv4-sp-d16 -mfloat-abi=hard -mthumb -o "RTOS/Src/semaphore.o"
arm-none-eabi-gcc "../BSP/STM32F4/Src/STM32F4_led.c" -mcpu=cortex-m4 -std=gnu11 -g3 -DDEBUG -DSTM32 -DSTM32F4 -DSTM32F407VGTx -c -I../Inc -I"C:/Users/henta/Desktop/embedded/RTOS from scratch/GCC_stm32F1_cudeIde/MyRTOS/examples/LED_Blinker/App/Inc" -I"C:/Users/henta/Desktop/embedded/RTOS from scratch/GCC_stm32F1_cudeIde/MyRTOS/examples/LED_Blinker/BSP/STM32F4/Inc" -I"C:/Users/henta/Desktop/embedded/RTOS from scratch/GCC_stm32F1_cudeIde/MyRTOS/examples/LED_Blinker/chip_headers_F4/Device/ST/STM32F4xx/Include" -I"C:/Users/henta/Desktop/embedded/RTOS from scratch/GCC_stm32F1_cudeIde/MyRTOS/examples/LED_Blinker/RTOS/Inc" -I"C:/Users/henta/Desktop/embedded/RTOS from scratch/GCC_stm32F1_cudeIde/MyRTOS/examples/LED_Blinker/chip_headers_F4/Include" -O0 -ffunction-sections -fdata-sections -Wall -fstack-usage -MMD -MP -MF"BSP/STM32F4/Src/STM32F4_led.d" -MT"BSP/STM32F4/Src/STM32F4_led.o" --specs=nano.specs -mfpu=fpv4-sp-d16 -mfloat-abi=hard -mthumb -o "BSP/STM32F4/Src/STM32F4_led.o"
arm-none-eabi-gcc "../BSP/STM32F4/Src/STM32F4_uart.c" -mcpu=cortex-m4 -std=gnu11 -g3 -DDEBUG -DSTM32 -DSTM32F4 -DSTM32F407VGTx -c -I../Inc -I"C:/Users/henta/Desktop/embedded/RTOS from scratch/GCC_stm32F1_cudeIde/MyRTOS/examples/LED_Blinker/App/Inc" -I"C:/Users/henta/Desktop/embedded/RTOS from scratch/GCC_stm32F1_cudeIde/MyRTOS/examples/LED_Blinker/BSP/STM32F4/Inc" -I"C:/Users/henta/Desktop/embedded/RTOS from scratch/GCC_stm32F1_cudeIde/MyRTOS/examples/LED_Blinker/chip_headers_F4/Device/ST/STM32F4xx/Include" -I"C:/Users/henta/Desktop/embedded/RTOS from scratch/GCC_stm32F1_cudeIde/MyRTOS/examples/LED_Blinker/RTOS/Inc" -I"C:/Users/henta/Desktop/embedded/RTOS from scratch/GCC_stm32F1_cudeIde/MyRTOS/examples/LED_Blinker/chip_headers_F4/Include" -O0 -ffunction-sections -fdata-sections -Wall -fstack-usage -MMD -MP -MF"BSP/STM32F4/Src/STM32F4_uart.d" -MT"BSP/STM32F4/Src/STM32F4_uart.o" --specs=nano.specs -mfpu=fpv4-sp-d16 -mfloat-abi=hard -mthumb -o "BSP/STM32F4/Src/STM32F4_uart.o"
arm-none-eabi-gcc "../App/Src/main.c" -mcpu=cortex-m4 -std=gnu11 -g3 -DDEBUG -DSTM32 -DSTM32F4 -DSTM32F407VGTx -c -I../Inc -I"C:/Users/henta/Desktop/embedded/RTOS from scratch/GCC_stm32F1_cudeIde/MyRTOS/examples/LED_Blinker/App/Inc" -I"C:/Users/henta/Desktop/embedded/RTOS from scratch/GCC_stm32F1_cudeIde/MyRTOS/examples/LED_Blinker/BSP/STM32F4/Inc" -I"C:/Users/henta/Desktop/embedded/RTOS from scratch/GCC_stm32F1_cudeIde/MyRTOS/examples/LED_Blinker/chip_headers_F4/Device/ST/STM32F4xx/Include" -I"C:/Users/henta/Desktop/embedded/RTOS from scratch/GCC_stm32F1_cudeIde/MyRTOS/examples/LED_Blinker/RTOS/Inc" -I"C:/Users/henta/Desktop/embedded/RTOS from scratch/GCC_stm32F1_cudeIde/MyRTOS/examples/LED_Blinker/chip_headers_F4/Include" -O0 -ffunction-sections -fdata-sections -Wall -fstack-usage -MMD -MP -MF"App/Src/main.d" -MT"App/Src/main.o" --specs=nano.specs -mfpu=fpv4-sp-d16 -mfloat-abi=hard -mthumb -o "App/Src/main.o"
arm-none-eabi-gcc "../App/Src/syscalls.c" -mcpu=cortex-m4 -std=gnu11 -g3 -DDEBUG -DSTM32 -DSTM32F4 -DSTM32F407VGTx -c -I../Inc -I"C:/Users/henta/Desktop/embedded/RTOS from scratch/GCC_stm32F1_cudeIde/MyRTOS/examples/LED_Blinker/App/Inc" -I"C:/Users/henta/Desktop/embedded/RTOS from scratch/GCC_stm32F1_cudeIde/MyRTOS/examples/LED_Blinker/BSP/STM32F4/Inc" -I"C:/Users/henta/Desktop/embedded/RTOS from scratch/GCC_stm32F1_cudeIde/MyRTOS/examples/LED_Blinker/chip_headers_F4/Device/ST/STM32F4xx/Include" -I"C:/Users/henta/Desktop/embedded/RTOS from scratch/GCC_stm32F1_cudeIde/MyRTOS/examples/LED_Blinker/RTOS/Inc" -I"C:/Users/henta/Desktop/embedded/RTOS from scratch/GCC_stm32F1_cudeIde/MyRTOS/examples/LED_Blinker/chip_headers_F4/Include" -O0 -ffunction-sections -fdata-sections -Wall -fstack-usage -MMD -MP -MF"App/Src/syscalls.d" -MT"App/Src/syscalls.o" --specs=nano.specs -mfpu=fpv4-sp-d16 -mfloat-abi=hard -mthumb -o "App/Src/syscalls.o"
arm-none-eabi-gcc "../App/Src/sysmem.c" -mcpu=cortex-m4 -std=gnu11 -g3 -DDEBUG -DSTM32 -DSTM32F4 -DSTM32F407VGTx -c -I../Inc -I"C:/Users/henta/Desktop/embedded/RTOS from scratch/GCC_stm32F1_cudeIde/MyRTOS/examples/LED_Blinker/App/Inc" -I"C:/Users/henta/Desktop/embedded/RTOS from scratch/GCC_stm32F1_cudeIde/MyRTOS/examples/LED_Blinker/BSP/STM32F4/Inc" -I"C:/Users/henta/Desktop/embedded/RTOS from scratch/GCC_stm32F1_cudeIde/MyRTOS/examples/LED_Blinker/chip_headers_F4/Device/ST/STM32F4xx/Include" -I"C:/Users/henta/Desktop/embedded/RTOS from scratch/GCC_stm32F1_cudeIde/MyRTOS/examples/LED_Blinker/RTOS/Inc" -I"C:/Users/henta/Desktop/embedded/RTOS from scratch/GCC_stm32F1_cudeIde/MyRTOS/examples/LED_Blinker/chip_headers_F4/Include" -O0 -ffunction-sections -fdata-sections -Wall -fstack-usage -MMD -MP -MF"App/Src/sysmem.d" -MT"App/Src/sysmem.o" --specs=nano.specs -mfpu=fpv4-sp-d16 -mfloat-abi=hard -mthumb -o "App/Src/sysmem.o"
../BSP/STM32F4/Src/STM32F4_uart.c: In function 'USART2_IRQHandler':
../BSP/STM32F4/Src/STM32F4_uart.c:285:31: warning: unused variable 'temp' [-Wunused-variable]
  285 |              volatile uint8_t temp = USART2->DR;  // Read data to clear the RXNE flag
      |                               ^~~~
In file included from ../App/Src/main.c:19:
C:/Users/henta/Desktop/embedded/RTOS from scratch/GCC_stm32F1_cudeIde/MyRTOS/examples/LED_Blinker/RTOS/Inc/osKernel.h:21: warning: "NULL" redefined
   21 | #define NULL  (void*) 0
      | 
In file included from c:\st\stm32cubeide_1.7.0\stm32cubeide\plugins\com.st.stm32cube.ide.mcu.externaltools.gnu-tools-for-stm32.10.3-2021.10.win32_1.0.0.202111181127\tools\arm-none-eabi\include\stdio.h:36,
                 from ../App/Src/main.c:16:
c:\st\stm32cubeide_1.7.0\stm32cubeide\plugins\com.st.stm32cube.ide.mcu.externaltools.gnu-tools-for-stm32.10.3-2021.10.win32_1.0.0.202111181127\tools\lib\gcc\arm-none-eabi\10.3.1\include\stddef.h:395: note: this is the location of the previous definition
  395 | #define NULL ((void *)0)
      | 
arm-none-eabi-gcc -o "LED_Blinker.elf" @"objects.list"   -mcpu=cortex-m4 -T"C:\Users\henta\Desktop\embedded\RTOS from scratch\GCC_stm32F1_cudeIde\MyRTOS\examples\LED_Blinker\STM32F407VGTX_FLASH.ld" --specs=nosys.specs -Wl,-Map="LED_Blinker.map" -Wl,--gc-sections -static --specs=nano.specs -mfpu=fpv4-sp-d16 -mfloat-abi=hard -mthumb -Wl,--start-group -lc -lm -Wl,--end-group
Finished building target: LED_Blinker.elf
 
arm-none-eabi-size   LED_Blinker.elf 
arm-none-eabi-objdump -h -S  LED_Blinker.elf  > "LED_Blinker.list"
   text	   data	    bss	    dec	    hex	filename
   4868	      8	   5840	  10716	   29dc	LED_Blinker.elf
Finished building: default.size.stdout
 
Finished building: LED_Blinker.list
 

13:22:18 Build Finished. 0 errors, 2 warnings. (took 1s.731ms)

