16:50:36 **** Incremental Build of configuration Debug for project STM32-F103_LED_Blinker ****
make -j8 all 
arm-none-eabi-gcc "../App/Src/main.c" -mcpu=cortex-m3 -std=gnu11 -g3 -DDEBUG -DSTM32 -DSTM32F1 -DSTM32F103C8Tx -c -I"C:/Users/henta/Desktop/embedded/RTOS from scratch/GCC_stm32F1_cudeIde/MyRTOS/examples/STM32-F103_LED_Blinker/BSP/STM32F1/Inc" -I"C:/Users/henta/Desktop/embedded/RTOS from scratch/GCC_stm32F1_cudeIde/MyRTOS/examples/STM32-F103_LED_Blinker/chip_headers_F1/Include" -I"C:/Users/henta/Desktop/embedded/RTOS from scratch/GCC_stm32F1_cudeIde/MyRTOS/examples/STM32-F103_LED_Blinker/RTOS/Inc" -I"C:/Users/henta/Desktop/embedded/RTOS from scratch/GCC_stm32F1_cudeIde/MyRTOS/examples/STM32-F103_LED_Blinker/App/Inc" -I"C:/Users/henta/Desktop/embedded/RTOS from scratch/GCC_stm32F1_cudeIde/MyRTOS/examples/STM32-F103_LED_Blinker/chip_headers_F1/Device/ST/STM32F1xx/Include" -O0 -ffunction-sections -fdata-sections -Wall -fstack-usage -MMD -MP -MF"App/Src/main.d" -MT"App/Src/main.o" --specs=nano.specs -mfloat-abi=soft -mthumb -o "App/Src/main.o"
In file included from ../App/Src/main.c:19:
C:/Users/henta/Desktop/embedded/RTOS from scratch/GCC_stm32F1_cudeIde/MyRTOS/examples/STM32-F103_LED_Blinker/RTOS/Inc/osKernel.h:21: warning: "NULL" redefined
   21 | #define NULL  (void*) 0
      | 
In file included from c:\st\stm32cubeide_1.7.0\stm32cubeide\plugins\com.st.stm32cube.ide.mcu.externaltools.gnu-tools-for-stm32.10.3-2021.10.win32_1.0.0.202111181127\tools\arm-none-eabi\include\stdio.h:36,
                 from ../App/Src/main.c:16:
c:\st\stm32cubeide_1.7.0\stm32cubeide\plugins\com.st.stm32cube.ide.mcu.externaltools.gnu-tools-for-stm32.10.3-2021.10.win32_1.0.0.202111181127\tools\lib\gcc\arm-none-eabi\10.3.1\include\stddef.h:395: note: this is the location of the previous definition
  395 | #define NULL ((void *)0)
      | 
arm-none-eabi-gcc -o "STM32-F103_LED_Blinker.elf" @"objects.list"   -mcpu=cortex-m3 -T"C:\Users\henta\Desktop\embedded\RTOS from scratch\GCC_stm32F1_cudeIde\MyRTOS\examples\STM32-F103_LED_Blinker\STM32F103C8TX_FLASH.ld" --specs=nosys.specs -Wl,-Map="STM32-F103_LED_Blinker.map" -Wl,--gc-sections -static --specs=nano.specs -mfloat-abi=soft -mthumb -Wl,--start-group -lc -lm -Wl,--end-group
Finished building target: STM32-F103_LED_Blinker.elf
 
arm-none-eabi-size   STM32-F103_LED_Blinker.elf 
arm-none-eabi-objdump -h -S  STM32-F103_LED_Blinker.elf  > "STM32-F103_LED_Blinker.list"
arm-none-eabi-objcopy  -O ihex  STM32-F103_LED_Blinker.elf  "STM32-F103_LED_Blinker.hex"
arm-none-eabi-objcopy  -O binary  STM32-F103_LED_Blinker.elf  "STM32-F103_LED_Blinker.bin"
   text	   data	    bss	    dec	    hex	filename
   4080	      8	   5824	   9912	   26b8	STM32-F103_LED_Blinker.elf
Finished building: default.size.stdout
 
Finished building: STM32-F103_LED_Blinker.bin
Finished building: STM32-F103_LED_Blinker.hex
Finished building: STM32-F103_LED_Blinker.list
 
 
 

16:50:37 Build Finished. 0 errors, 1 warnings. (took 570ms)

